[sheeptester.github.io/javascripts/webhook-sender.html]
[backblue.gif]
[fade.gif]
[index.html]
[cdn.jsdelivr.net/npm/flatpickr/dist/flatpickr.min.css]
[cdn.jsdelivr.net/npm/@simonwep/pickr/dist/themes/monolith.min.css]
[sheeptester.github.io/sheep3.css]
[cdn.jsdelivr.net/npm/@simonwep/pickr/dist/pickr.es5.min.js]
[sheeptester.github.io/sheep3.js]
[sheeptester.github.io/javascripts/_dom2.js]
[sheeptester.github.io/javascripts/webhook-add-img.svg]
[sheeptester.github.io/javascripts/material-link.svg]
[sheeptester.github.io/javascripts/${encodeURI(url]
[sheeptester.github.io/javascripts/window.location]
[sheeptester.github.io/javascripts/webhook-sender.html]
[cdn.jsdelivr.net/npm/flatpickr/dist/flatpickr.min.css]
[cdn.jsdelivr.net/npm/@simonwep/pickr/dist/themes/monolith.min.css]
[sheeptester.github.io/sheep3.css]
[sheeptester.github.io/javascripts/webhook-add-img.svg]
[sheeptester.github.io/javascripts/material-link.svg]
[sheeptester.github.io/javascripts/${encodeURI(url.html]
[sheeptester.github.io/javascripts/window.html]
